# vsim -vopt work.alu_top -voptargs="+acc=npr" "+UVM_TESTNAME=test1" -assertdebug -l log_alu.log -coverage -c -do "coverage save -onexit -assert -directive -cvg -codeAll ucdb_alu.ucdb; run -all; exit" 
# Start time: 07:00:41 on Jul 31,2026
# ** Note: (vsim-8009) Loading existing optimized design _opt
# //  Questa Sim
# //  Version 10.6c linux Jul 25 2017
# //
# //  Copyright 1991-2017 Mentor Graphics Corporation
# //  All Rights Reserved.
# //
# //  QuestaSim and its associated documentation contain trade
# //  secrets and commercial or financial information that are the property of
# //  Mentor Graphics Corporation and are privileged, confidential,
# //  and exempt from disclosure under the Freedom of Information Act,
# //  5 U.S.C. Section 552. Furthermore, this information
# //  is prohibited from disclosure under the Trade Secrets Act,
# //  18 U.S.C. Section 1905.
# //
# Loading sv_std.std
# Loading work.alu_interface(fast)
# Loading mtiUvm.uvm_pkg
# Loading work.alu_package(fast)
# Loading work.alu_top(fast)
# Loading work.alu_interface(fast)
# Loading work.alu(fast)
# Loading mtiUvm.questa_uvm_pkg(fast)
# Loading /tools/mentor/questasim_10.6c/questasim/uvm-1.1d/linux/uvm_dpi.so
# coverage save -onexit -assert -directive -cvg -codeAll ucdb_alu.ucdb
#  run -all
# ----------------------------------------------------------------
# UVM-1.1d
# (C) 2007-2013 Mentor Graphics Corporation
# (C) 2007-2013 Cadence Design Systems, Inc.
# (C) 2006-2013 Synopsys, Inc.
# (C) 2011-2013 Cypress Semiconductor Corp.
# ----------------------------------------------------------------
# 
#   ***********       IMPORTANT RELEASE NOTES         ************
# 
#   You are using a version of the UVM library that has been compiled
#   with `UVM_NO_DEPRECATED undefined.
#   See http://www.eda.org/svdb/view.php?id=3313 for more details.
# 
#   You are using a version of the UVM library that has been compiled
#   with `UVM_OBJECT_MUST_HAVE_CONSTRUCTOR undefined.
#   See http://www.eda.org/svdb/view.php?id=3770 for more details.
# 
#       (Specify +UVM_NO_RELNOTES to turn off this notice)
# 
# UVM_INFO verilog_src/questa_uvm_pkg-1.2/src/questa_uvm_pkg.sv(215) @ 0: reporter [Questa UVM] QUESTA_UVM-1.2.3
# UVM_INFO verilog_src/questa_uvm_pkg-1.2/src/questa_uvm_pkg.sv(217) @ 0: reporter [Questa UVM]  questa_uvm::init(+struct)
# UVM_INFO @ 0: reporter [RNTST] Running test test1...
# UVM_INFO @ 0: reporter [UVMTOP] UVM testbench topology:
# ------------------------------------------------------------------
# Name                       Type                        Size  Value
# ------------------------------------------------------------------
# uvm_test_top               test1                       -     @472 
#   env                      alu_env                     -     @485 
#     inp_agt                alu_inp_agent               -     @493 
#       inp_drv              alu_driver                  -     @726 
#         rsp_port           uvm_analysis_port           -     @741 
#         seq_item_port      uvm_seq_item_pull_port      -     @733 
#       inp_mon              alu_inp_monitor             -     @610 
#         inp_monitor_port   uvm_analysis_port           -     @751 
#       sqr                  alu_sequencer               -     @617 
#         rsp_export         uvm_analysis_export         -     @624 
#         seq_item_export    uvm_seq_item_pull_imp       -     @718 
#         arbitration_queue  array                       0     -    
#         lock_queue         array                       0     -    
#         num_last_reqs      integral                    32    'd1  
#         num_last_rsps      integral                    32    'd1  
#     op_agt                 alu_op_agent                -     @500 
#       op_mon               alu_op_monitor              -     @766 
#         op_m_port          uvm_analysis_port           -     @774 
#     scb                    alu_scoreboard              -     @507 
#       ip_mon_fifo          uvm_tlm_analysis_fifo #(T)  -     @514 
#         analysis_export    uvm_analysis_imp            -     @553 
#         get_ap             uvm_analysis_port           -     @545 
#         get_peek_export    uvm_get_peek_imp            -     @529 
#         put_ap             uvm_analysis_port           -     @537 
#         put_export         uvm_put_imp                 -     @521 
#       op_mon_fifo          uvm_tlm_analysis_fifo #(T)  -     @561 
#         analysis_export    uvm_analysis_imp            -     @600 
#         get_ap             uvm_analysis_port           -     @592 
#         get_peek_export    uvm_get_peek_imp            -     @576 
#         put_ap             uvm_analysis_port           -     @584 
#         put_export         uvm_put_imp                 -     @568 
# ------------------------------------------------------------------
# 
# UVM_INFO alu_driver.sv(37) @ 0: uvm_test_top.env.inp_agt.inp_drv [INPUT_DRIVER] Input Driver
# ----------------------------------------------------------------------------------
# Name                           Type          Size  Value                          
# ----------------------------------------------------------------------------------
# req                            alu_seq_item  -     @806                           
#   OPA                          integral      8     'd10                           
#   OPB                          integral      8     'd5                            
#   CIN                          integral      1     'd0                            
#   CMD                          integral      4     'd1                            
#   MODE                         integral      1     1                              
#   CE                           integral      1     1                              
#   INP_VALID                    integral      2     3                              
#   COUT                         integral      1     'dX                            
#   OFLOW                        integral      1     'dX                            
#   G                            integral      1     'dX                            
#   L                            integral      1     'dX                            
#   E                            integral      1     'dX                            
#   ERR                          integral      1     'dX                            
#   begin_time                   time          64    0                              
#   depth                        int           32    'd2                            
#   parent sequence (name)       string        2     s1                             
#   parent sequence (full name)  string        31    uvm_test_top.env.inp_agt.sqr.s1
#   sequencer                    string        28    uvm_test_top.env.inp_agt.sqr   
# ----------------------------------------------------------------------------------
# 
# UVM_INFO alu_inp_monitor.sv(36) @ 5000: uvm_test_top.env.inp_agt.inp_mon [INPUT MONITOR] Input Monitor
# --------------------------------------
# Name         Type          Size  Value
# --------------------------------------
# drv2mon      alu_seq_item  -     @802 
#   OPA        integral      8     'd0  
#   OPB        integral      8     'd0  
#   CIN        integral      1     'd0  
#   CMD        integral      4     'd0  
#   MODE       integral      1     'd0  
#   CE         integral      1     'd0  
#   INP_VALID  integral      2     'd0  
#   COUT       integral      1     'dX  
#   OFLOW      integral      1     'dX  
#   G          integral      1     'dX  
#   L          integral      1     'dX  
#   E          integral      1     'dX  
#   ERR        integral      1     'dX  
# --------------------------------------
# 
# UVM_INFO alu_op_monitor.sv(35) @ 5000: uvm_test_top.env.op_agt.op_mon [OUTPUT MONITOR] Output Monitor
# --------------------------------------
# Name         Type          Size  Value
# --------------------------------------
# rd_data      alu_seq_item  -     @796 
#   OPA        integral      8     'd0  
#   OPB        integral      8     'd0  
#   CIN        integral      1     'd0  
#   CMD        integral      4     'd0  
#   MODE       integral      1     'd0  
#   CE         integral      1     'd0  
#   INP_VALID  integral      2     'd0  
#   COUT       integral      1     'dX  
#   OFLOW      integral      1     'dX  
#   G          integral      1     'dX  
#   L          integral      1     'dX  
#   E          integral      1     'dX  
#   ERR        integral      1     'dX  
# --------------------------------------
# 
# UVM_INFO alu_scoreboard.sv(40) @ 5000: uvm_test_top.env.scb [REFERENCE_MODEL] Reference model
# --------------------------------------
# Name         Type          Size  Value
# --------------------------------------
# drv2mon      alu_seq_item  -     @802 
#   OPA        integral      8     'd0  
#   OPB        integral      8     'd0  
#   CIN        integral      1     'd0  
#   CMD        integral      4     'd0  
#   MODE       integral      1     'd0  
#   CE         integral      1     'd0  
#   INP_VALID  integral      2     'd0  
#   COUT       integral      1     'dX  
#   OFLOW      integral      1     'dX  
#   G          integral      1     'dX  
#   L          integral      1     'dX  
#   E          integral      1     'dX  
#   ERR        integral      1     'dX  
# --------------------------------------
# 
# RES MISMATCH
# 
# ERR MISMATCH
# 
# COUT MISMATCH
# 
# OFLOW MISMATCH
# 
# G MISMATCH
# 
# L MISMATCH
# 
# E MISMATCH
# 
# UVM_INFO alu_scoreboard.sv(42) @ 5000: uvm_test_top.env.scb [CHECKING OUTPUTS]  Checking outputs
# --------------------------------------
# Name         Type          Size  Value
# --------------------------------------
# rd_data      alu_seq_item  -     @796 
#   OPA        integral      8     'd0  
#   OPB        integral      8     'd0  
#   CIN        integral      1     'd0  
#   CMD        integral      4     'd0  
#   MODE       integral      1     'd0  
#   CE         integral      1     'd0  
#   INP_VALID  integral      2     'd0  
#   COUT       integral      1     'dX  
#   OFLOW      integral      1     'dX  
#   G          integral      1     'dX  
#   L          integral      1     'dX  
#   E          integral      1     'dX  
#   ERR        integral      1     'dX  
# --------------------------------------
# 
# UVM_INFO alu_inp_monitor.sv(36) @ 15000: uvm_test_top.env.inp_agt.inp_mon [INPUT MONITOR] Input Monitor
# --------------------------------------
# Name         Type          Size  Value
# --------------------------------------
# drv2mon      alu_seq_item  -     @834 
#   OPA        integral      8     'd10 
#   OPB        integral      8     'd5  
#   CIN        integral      1     'd0  
#   CMD        integral      4     'd1  
#   MODE       integral      1     1    
#   CE         integral      1     1    
#   INP_VALID  integral      2     3    
#   COUT       integral      1     'dX  
#   OFLOW      integral      1     'dX  
#   G          integral      1     'dX  
#   L          integral      1     'dX  
#   E          integral      1     'dX  
#   ERR        integral      1     'dX  
# --------------------------------------
# 
# UVM_INFO alu_op_monitor.sv(35) @ 15000: uvm_test_top.env.op_agt.op_mon [OUTPUT MONITOR] Output Monitor
# --------------------------------------
# Name         Type          Size  Value
# --------------------------------------
# rd_data      alu_seq_item  -     @796 
#   OPA        integral      8     'd0  
#   OPB        integral      8     'd0  
#   CIN        integral      1     'd0  
#   CMD        integral      4     'd0  
#   MODE       integral      1     'd0  
#   CE         integral      1     'd0  
#   INP_VALID  integral      2     'd0  
#   COUT       integral      1     'dX  
#   OFLOW      integral      1     'dX  
#   G          integral      1     'dX  
#   L          integral      1     'dX  
#   E          integral      1     'dX  
#   ERR        integral      1     'dX  
# --------------------------------------
# 
# UVM_INFO alu_scoreboard.sv(40) @ 15000: uvm_test_top.env.scb [REFERENCE_MODEL] Reference model
# --------------------------------------
# Name         Type          Size  Value
# --------------------------------------
# drv2mon      alu_seq_item  -     @834 
#   OPA        integral      8     'd10 
#   OPB        integral      8     'd5  
#   CIN        integral      1     'd0  
#   CMD        integral      4     'd1  
#   MODE       integral      1     1    
#   CE         integral      1     1    
#   INP_VALID  integral      2     3    
#   COUT       integral      1     'dX  
#   OFLOW      integral      1     'd0  
#   G          integral      1     'dX  
#   L          integral      1     'dX  
#   E          integral      1     'dX  
#   ERR        integral      1     'dX  
# --------------------------------------
# 
# RES MISMATCH
# 
# ERR MISMATCH
# 
# COUT MISMATCH
# 
# OFLOW MISMATCH
# 
# G MISMATCH
# 
# L MISMATCH
# 
# E MISMATCH
# 
# UVM_INFO alu_scoreboard.sv(42) @ 15000: uvm_test_top.env.scb [CHECKING OUTPUTS]  Checking outputs
# --------------------------------------
# Name         Type          Size  Value
# --------------------------------------
# rd_data      alu_seq_item  -     @796 
#   OPA        integral      8     'd0  
#   OPB        integral      8     'd0  
#   CIN        integral      1     'd0  
#   CMD        integral      4     'd0  
#   MODE       integral      1     'd0  
#   CE         integral      1     'd0  
#   INP_VALID  integral      2     'd0  
#   COUT       integral      1     'dX  
#   OFLOW      integral      1     'dX  
#   G          integral      1     'dX  
#   L          integral      1     'dX  
#   E          integral      1     'dX  
#   ERR        integral      1     'dX  
# --------------------------------------
# 
# UVM_INFO alu_inp_monitor.sv(36) @ 25000: uvm_test_top.env.inp_agt.inp_mon [INPUT MONITOR] Input Monitor
# --------------------------------------
# Name         Type          Size  Value
# --------------------------------------
# drv2mon      alu_seq_item  -     @847 
#   OPA        integral      8     'd10 
#   OPB        integral      8     'd5  
#   CIN        integral      1     'd0  
#   CMD        integral      4     'd1  
#   MODE       integral      1     1    
#   CE         integral      1     1    
#   INP_VALID  integral      2     3    
#   COUT       integral      1     'dX  
#   OFLOW      integral      1     'dX  
#   G          integral      1     'dX  
#   L          integral      1     'dX  
#   E          integral      1     'dX  
#   ERR        integral      1     'dX  
# --------------------------------------
# 
# UVM_INFO alu_op_monitor.sv(35) @ 25000: uvm_test_top.env.op_agt.op_mon [OUTPUT MONITOR] Output Monitor
# --------------------------------------
# Name         Type          Size  Value
# --------------------------------------
# rd_data      alu_seq_item  -     @796 
#   OPA        integral      8     'd0  
#   OPB        integral      8     'd0  
#   CIN        integral      1     'd0  
#   CMD        integral      4     'd0  
#   MODE       integral      1     'd0  
#   CE         integral      1     'd0  
#   INP_VALID  integral      2     'd0  
#   COUT       integral      1     'd0  
#   OFLOW      integral      1     'd0  
#   G          integral      1     'd0  
#   L          integral      1     'd0  
#   E          integral      1     'd0  
#   ERR        integral      1     'd0  
# --------------------------------------
# 
# UVM_INFO alu_scoreboard.sv(40) @ 25000: uvm_test_top.env.scb [REFERENCE_MODEL] Reference model
# --------------------------------------
# Name         Type          Size  Value
# --------------------------------------
# drv2mon      alu_seq_item  -     @847 
#   OPA        integral      8     'd10 
#   OPB        integral      8     'd5  
#   CIN        integral      1     'd0  
#   CMD        integral      4     'd1  
#   MODE       integral      1     1    
#   CE         integral      1     1    
#   INP_VALID  integral      2     3    
#   COUT       integral      1     'dX  
#   OFLOW      integral      1     'd0  
#   G          integral      1     'dX  
#   L          integral      1     'dX  
#   E          integral      1     'dX  
#   ERR        integral      1     'dX  
# --------------------------------------
# 
# RES MATCH
# 
# ERR MISMATCH
# 
# COUT MISMATCH
# 
# OFLOW MATCH
# 
# G MISMATCH
# 
# L MISMATCH
# 
# E MISMATCH
# 
# UVM_INFO alu_scoreboard.sv(42) @ 25000: uvm_test_top.env.scb [CHECKING OUTPUTS]  Checking outputs
# --------------------------------------
# Name         Type          Size  Value
# --------------------------------------
# rd_data      alu_seq_item  -     @796 
#   OPA        integral      8     'd0  
#   OPB        integral      8     'd0  
#   CIN        integral      1     'd0  
#   CMD        integral      4     'd0  
#   MODE       integral      1     'd0  
#   CE         integral      1     'd0  
#   INP_VALID  integral      2     'd0  
#   COUT       integral      1     'd0  
#   OFLOW      integral      1     'd0  
#   G          integral      1     'd0  
#   L          integral      1     'd0  
#   E          integral      1     'd0  
#   ERR        integral      1     'd0  
# --------------------------------------
# 
# UVM_INFO alu_inp_monitor.sv(36) @ 35000: uvm_test_top.env.inp_agt.inp_mon [INPUT MONITOR] Input Monitor
# --------------------------------------
# Name         Type          Size  Value
# --------------------------------------
# drv2mon      alu_seq_item  -     @859 
#   OPA        integral      8     'd10 
#   OPB        integral      8     'd5  
#   CIN        integral      1     'd0  
#   CMD        integral      4     'd1  
#   MODE       integral      1     1    
#   CE         integral      1     1    
#   INP_VALID  integral      2     3    
#   COUT       integral      1     'dX  
#   OFLOW      integral      1     'dX  
#   G          integral      1     'dX  
#   L          integral      1     'dX  
#   E          integral      1     'dX  
#   ERR        integral      1     'dX  
# --------------------------------------
# 
# UVM_INFO alu_op_monitor.sv(35) @ 35000: uvm_test_top.env.op_agt.op_mon [OUTPUT MONITOR] Output Monitor
# --------------------------------------
# Name         Type          Size  Value
# --------------------------------------
# rd_data      alu_seq_item  -     @796 
#   OPA        integral      8     'd0  
#   OPB        integral      8     'd0  
#   CIN        integral      1     'd0  
#   CMD        integral      4     'd0  
#   MODE       integral      1     'd0  
#   CE         integral      1     'd0  
#   INP_VALID  integral      2     'd0  
#   COUT       integral      1     'd0  
#   OFLOW      integral      1     'd0  
#   G          integral      1     'd0  
#   L          integral      1     'd0  
#   E          integral      1     'd0  
#   ERR        integral      1     'd0  
# --------------------------------------
# 
# UVM_INFO alu_scoreboard.sv(40) @ 35000: uvm_test_top.env.scb [REFERENCE_MODEL] Reference model
# --------------------------------------
# Name         Type          Size  Value
# --------------------------------------
# drv2mon      alu_seq_item  -     @859 
#   OPA        integral      8     'd10 
#   OPB        integral      8     'd5  
#   CIN        integral      1     'd0  
#   CMD        integral      4     'd1  
#   MODE       integral      1     1    
#   CE         integral      1     1    
#   INP_VALID  integral      2     3    
#   COUT       integral      1     'dX  
#   OFLOW      integral      1     'd0  
#   G          integral      1     'dX  
#   L          integral      1     'dX  
#   E          integral      1     'dX  
#   ERR        integral      1     'dX  
# --------------------------------------
# 
# RES MATCH
# 
# ERR MISMATCH
# 
# COUT MISMATCH
# 
# OFLOW MATCH
# 
# G MISMATCH
# 
# L MISMATCH
# 
# E MISMATCH
# 
# UVM_INFO alu_scoreboard.sv(42) @ 35000: uvm_test_top.env.scb [CHECKING OUTPUTS]  Checking outputs
# --------------------------------------
# Name         Type          Size  Value
# --------------------------------------
# rd_data      alu_seq_item  -     @796 
#   OPA        integral      8     'd0  
#   OPB        integral      8     'd0  
#   CIN        integral      1     'd0  
#   CMD        integral      4     'd0  
#   MODE       integral      1     'd0  
#   CE         integral      1     'd0  
#   INP_VALID  integral      2     'd0  
#   COUT       integral      1     'd0  
#   OFLOW      integral      1     'd0  
#   G          integral      1     'd0  
#   L          integral      1     'd0  
#   E          integral      1     'd0  
#   ERR        integral      1     'd0  
# --------------------------------------
# 
# UVM_INFO alu_inp_monitor.sv(36) @ 45000: uvm_test_top.env.inp_agt.inp_mon [INPUT MONITOR] Input Monitor
# --------------------------------------
# Name         Type          Size  Value
# --------------------------------------
# drv2mon      alu_seq_item  -     @871 
#   OPA        integral      8     'd10 
#   OPB        integral      8     'd5  
#   CIN        integral      1     'd0  
#   CMD        integral      4     'd1  
#   MODE       integral      1     1    
#   CE         integral      1     1    
#   INP_VALID  integral      2     3    
#   COUT       integral      1     'dX  
#   OFLOW      integral      1     'dX  
#   G          integral      1     'dX  
#   L          integral      1     'dX  
#   E          integral      1     'dX  
#   ERR        integral      1     'dX  
# --------------------------------------
# 
# UVM_INFO alu_op_monitor.sv(35) @ 45000: uvm_test_top.env.op_agt.op_mon [OUTPUT MONITOR] Output Monitor
# --------------------------------------
# Name         Type          Size  Value
# --------------------------------------
# rd_data      alu_seq_item  -     @796 
#   OPA        integral      8     'd0  
#   OPB        integral      8     'd0  
#   CIN        integral      1     'd0  
#   CMD        integral      4     'd0  
#   MODE       integral      1     'd0  
#   CE         integral      1     'd0  
#   INP_VALID  integral      2     'd0  
#   COUT       integral      1     'd0  
#   OFLOW      integral      1     'd0  
#   G          integral      1     'd0  
#   L          integral      1     'd0  
#   E          integral      1     'd0  
#   ERR        integral      1     'd0  
# --------------------------------------
# 
# UVM_INFO alu_scoreboard.sv(40) @ 45000: uvm_test_top.env.scb [REFERENCE_MODEL] Reference model
# --------------------------------------
# Name         Type          Size  Value
# --------------------------------------
# drv2mon      alu_seq_item  -     @871 
#   OPA        integral      8     'd10 
#   OPB        integral      8     'd5  
#   CIN        integral      1     'd0  
#   CMD        integral      4     'd1  
#   MODE       integral      1     1    
#   CE         integral      1     1    
#   INP_VALID  integral      2     3    
#   COUT       integral      1     'dX  
#   OFLOW      integral      1     'd0  
#   G          integral      1     'dX  
#   L          integral      1     'dX  
#   E          integral      1     'dX  
#   ERR        integral      1     'dX  
# --------------------------------------
# 
# RES MATCH
# 
# ERR MISMATCH
# 
# COUT MISMATCH
# 
# OFLOW MATCH
# 
# G MISMATCH
# 
# L MISMATCH
# 
# E MISMATCH
# 
# UVM_INFO alu_scoreboard.sv(42) @ 45000: uvm_test_top.env.scb [CHECKING OUTPUTS]  Checking outputs
# --------------------------------------
# Name         Type          Size  Value
# --------------------------------------
# rd_data      alu_seq_item  -     @796 
#   OPA        integral      8     'd0  
#   OPB        integral      8     'd0  
#   CIN        integral      1     'd0  
#   CMD        integral      4     'd0  
#   MODE       integral      1     'd0  
#   CE         integral      1     'd0  
#   INP_VALID  integral      2     'd0  
#   COUT       integral      1     'd0  
#   OFLOW      integral      1     'd0  
#   G          integral      1     'd0  
#   L          integral      1     'd0  
#   E          integral      1     'd0  
#   ERR        integral      1     'd0  
# --------------------------------------
# 
# UVM_INFO verilog_src/uvm-1.1d/src/base/uvm_objection.svh(1268) @ 55000: reporter [TEST_DONE] 'run' phase is ready to proceed to the 'extract' phase
# 
# --- UVM Report Summary ---
# 
# ** Report counts by severity
# UVM_INFO :   26
# UVM_WARNING :    0
# UVM_ERROR :    0
# UVM_FATAL :    0
# ** Report counts by id
# [CHECKING OUTPUTS]     5
# [INPUT MONITOR]     5
# [INPUT_DRIVER]     1
# [OUTPUT MONITOR]     5
# [Questa UVM]     2
# [REFERENCE_MODEL]     5
# [RNTST]     1
# [TEST_DONE]     1
# [UVMTOP]     1
# ** Note: $finish    : /tools/mentor/questasim_10.6c/questasim/linux/../verilog_src/uvm-1.1d/src/base/uvm_root.svh(430)
#    Time: 55 ns  Iteration: 54  Instance: /alu_top
# Saving coverage database on exit...
# End time: 07:00:43 on Jul 31,2026, Elapsed time: 0:00:02
# Errors: 0, Warnings: 0
